// Jest Snapshot v1, https://goo.gl/fbAQLP

exports[`ButtonGroup.vue props#is-fullwidth 1`] = `<div class="button-group is-fullwidth"></div>`;

exports[`ButtonGroup.vue render default 1`] = `<div class="button-group"></div>`;
